---
source: crates/rattler_networking/src/lib.rs
expression: authentication
---
{
  "CondaToken": "testtoken"
}
